


ARM Macro Assembler    Page 1 


    1 00000000                 AREA             My_Function,CODE,READONLY 
                                                            ;πÃ∂®∏Ò Ω
    2 00000000                 EXPORT           Init_1
    3 00000000         
    4 00000000         Init_1
    5 00000000 F04F 0100       MOV              R1,#0
    6 00000004 F04F 0200       MOV              R2,#0
    7 00000008         
    8 00000008         LOOP
    9 00000008 290A            CMP              R1,#10
   10 0000000A D204            BHS              LOOP_END
   11 0000000C F102 0201       ADD              R2,#1
   12 00000010 F101 0101       ADD              R1,#1
   13 00000014 E7F8            B                LOOP
   14 00000016         LOOP_END
   15 00000016 BF00            NOP
   16 00000018         
   17 00000018                 END
Command Line: --debug --xref --diag_suppress=9931 --cpu=Cortex-M3 --apcs=interw
ork --depend=.\objects\func.d -o.\objects\func.o -I.\RTE\Device\STM32F103RC -I.
\RTE\_Target_1 -ID:\Keil_v5\ARM\PACK\ARM\CMSIS\5.8.0\CMSIS\Core\Include -ID:\Ke
il_v5\ARM\PACK\Keil\STM32F1xx_DFP\2.3.0\Device\Include --predefine="__UVISION_V
ERSION SETA 535" --predefine="_RTE_ SETA 1" --predefine="STM32F10X_HD SETA 1" -
-predefine="_RTE_ SETA 1" --list=.\listings\func.lst func.s



ARM Macro Assembler    Page 1 Alphabetic symbol ordering
Relocatable symbols

Init_1 00000000

Symbol: Init_1
   Definitions
      At line 4 in file func.s
   Uses
      At line 2 in file func.s
Comment: Init_1 used once
LOOP 00000008

Symbol: LOOP
   Definitions
      At line 8 in file func.s
   Uses
      At line 13 in file func.s
Comment: LOOP used once
LOOP_END 00000016

Symbol: LOOP_END
   Definitions
      At line 14 in file func.s
   Uses
      At line 10 in file func.s
Comment: LOOP_END used once
My_Function 00000000

Symbol: My_Function
   Definitions
      At line 1 in file func.s
   Uses
      None
Comment: My_Function unused
4 symbols
337 symbols in table
