Component: ARM Compiler 6.16 Tool: armlink [5dfeaa00]

==============================================================================

Section Cross References

    hello_word.o(RESET) refers to hello_word.o(.text) for Start


==============================================================================

Image Symbol Table

    Local Symbols

    Symbol Name                              Value     Ov Type        Size  Object(Section)

    hello_word.s                             0x00000000   Number         0  hello_word.o ABSOLUTE
    RESET                                    0x08000000   Section       84  hello_word.o(RESET)
    Start                                    0x08000055   Thumb Code     0  hello_word.o(.text)
    .text                                    0x08000054   Section      424  hello_word.o(.text)
    NMI_Handler                              0x08000191   Thumb Code     0  hello_word.o(.text)
    HardFault_Handler                        0x08000193   Thumb Code     0  hello_word.o(.text)
    SysTick_Handler                          0x08000195   Thumb Code     0  hello_word.o(.text)

    Global Symbols

    Symbol Name                              Value     Ov Type        Size  Object(Section)

    BuildAttributes$$THM_ISAv4$P$D$K$B$S$A:L22UL41UL21$X:L11$S22US41US21$IEEE1$~IW$USESV6$~STKCKD$USESV7$~SHL$OSPACE$EBA8$STANDARDLIB$PRES8$EABIv2 0x00000000   Number         0  anon$$obj.o ABSOLUTE



==============================================================================

Memory Map of the image

  Image Entry point : 0x08000055

  Load Region LR_IROM1 (Base: 0x08000000, Size: 0x000001fc, Max: 0x00010000, ABSOLUTE)

    Execution Region ER_IROM1 (Exec base: 0x08000000, Load base: 0x08000000, Size: 0x000001fc, Max: 0x00010000, ABSOLUTE)

    Exec Addr    Load Addr    Size         Type   Attr      Idx    E Section Name        Object

    0x08000000   0x08000000   0x00000054   Data   RO            1    RESET               hello_word.o
    0x08000054   0x08000054   0x000001a8   Code   RO            2  * .text               hello_word.o


    Execution Region RW_IRAM1 (Exec base: 0x20000000, Load base: 0x080001fc, Size: 0x00000000, Max: 0x00005000, ABSOLUTE)

    **** No section assigned to this execution region ****


==============================================================================

Image component sizes


      Code (inc. data)   RO Data    RW Data    ZI Data      Debug   Object Name

       424         72         84          0          0        324   hello_word.o

    ----------------------------------------------------------------------
       424         72         84          0          0        324   Object Totals
         0          0          0          0          0          0   (incl. Generated)
         0          0          0          0          0          0   (incl. Padding)

    ----------------------------------------------------------------------
         0          0          0          0          0          0   Library Totals
         0          0          0          0          0          0   (incl. Padding)

    ----------------------------------------------------------------------

==============================================================================


      Code (inc. data)   RO Data    RW Data    ZI Data      Debug   

       424         72         84          0          0        324   Grand Totals
       424         72         84          0          0        324   ELF Image Totals
       424         72         84          0          0          0   ROM Totals

==============================================================================

    Total RO  Size (Code + RO Data)                  508 (   0.50kB)
    Total RW  Size (RW Data + ZI Data)                 0 (   0.00kB)
    Total ROM Size (Code + RO Data + RW Data)        508 (   0.50kB)

==============================================================================

